// Jest Snapshot v1, https://goo.gl/fbAQLP

exports[`CustomStatusBar matches snapshot 1`] = `
<View
  style={
    Array [
      Object {
        "height": 44,
      },
      Object {
        "backgroundColor": "transparent",
      },
    ]
  }
  testID="StatusBar"
/>
`;
