// Jest Snapshot v1, https://goo.gl/fbAQLP

exports[`CustomStatusBar (for iOS) matches snapshot 1`] = `
<View
  style={
    Object {
      "backgroundColor": "transparent",
      "height": 44,
    }
  }
/>
`;
