// Jest Snapshot v1, https://goo.gl/fbAQLP

exports[`HighlightedWord matches snapshot 1`] = `
<View>
  <Text
    style={null}
  />
</View>
`;
