// Jest Snapshot v1, https://goo.gl/fbAQLP

exports[`Loading snapshot 1`] = `
<View
  style={
    Array [
      Object {
        "alignItems": "center",
        "flex": 1,
        "justifyContent": "center",
      },
      Object {},
    ]
  }
  testID="Loading_View"
>
  <ActivityIndicator
    size="large"
    testID="Loading_Indicator"
  />
</View>
`;
