// Jest Snapshot v1, https://goo.gl/fbAQLP

exports[`Notifications matches snapshot 1`] = `null`;
