// Jest Snapshot v1, https://goo.gl/fbAQLP

exports[`FakeButton matches snapshot 1`] = `
<View
  accessible={true}
  collapsable={false}
  focusable={true}
  onBlur={[Function]}
  onClick={[Function]}
  onFocus={[Function]}
  onResponderGrant={[Function]}
  onResponderMove={[Function]}
  onResponderRelease={[Function]}
  onResponderTerminate={[Function]}
  onResponderTerminationRequest={[Function]}
  onStartShouldSetResponder={[Function]}
  testID="FakeInputButton_Pressable"
>
  <View>
    <Text>
      foo
    </Text>
  </View>
</View>
`;
