// Jest Snapshot v1, https://goo.gl/fbAQLP

exports[`ShareButton matches snapshot 1`] = `
<View
  accessible={true}
  collapsable={false}
  focusable={true}
  onClick={[Function]}
  onResponderGrant={[Function]}
  onResponderMove={[Function]}
  onResponderRelease={[Function]}
  onResponderTerminate={[Function]}
  onResponderTerminationRequest={[Function]}
  onStartShouldSetResponder={[Function]}
  style={
    Object {
      "opacity": 1,
    }
  }
  testID="DefaultButton_TouchableOpacity"
>
  <View
    style={
      Object {
        "backgroundColor": "#2BD9A5",
        "borderRadius": 7,
        "margin": 3.5,
        "padding": 10,
      }
    }
    testID="DefaultButton_View"
  >
    <View
      style={
        Object {
          "overflow": "hidden",
        }
      }
    >
      <View>
        <View
          style={
            Object {
              "alignItems": "center",
              "backgroundColor": "transparent",
              "justifyContent": "center",
            }
          }
        >
          <Text
            allowFontScaling={false}
            selectable={false}
            style={
              Array [
                Object {
                  "color": "#fffafb",
                  "fontSize": 18,
                },
                Object {
                  "backgroundColor": "transparent",
                },
                Object {
                  "fontFamily": "Ionicons",
                  "fontStyle": "normal",
                  "fontWeight": "normal",
                },
                Object {},
              ]
            }
            testID="iconIcon"
          >
            ï”œ
          </Text>
        </View>
      </View>
    </View>
  </View>
</View>
`;
