// Jest Snapshot v1, https://goo.gl/fbAQLP

exports[`BookmarksScreen matches snapshot 1`] = `null`;
