// Jest Snapshot v1, https://goo.gl/fbAQLP

exports[`CatalogScreen matches snapshot 1`] = `null`;
